RECT86,150,92,42#000000Stock ChartOpen :35<BR>Close : 20<BR>Min : 10<BR>Max : 37<BR>Median : 30<BR>
RECT145,146,151,62#000000Stock ChartOpen :28<BR>Close : 17<BR>Min : 11<BR>Max : 32<BR>Median : 20<BR>
RECT204,134,210,58#ffffffStock ChartOpen :17<BR>Close : 25<BR>Min : 14<BR>Max : 33<BR>Median : 21<BR>
RECT263,146,269,74#000000Stock ChartOpen :27<BR>Close : 20<BR>Min : 11<BR>Max : 29<BR>Median : 24<BR>
RECT322,154,328,74#ffffffStock ChartOpen :12<BR>Close : 25<BR>Min : 9<BR>Max : 29<BR>Median : 22<BR>
RECT381,174,387,90#ffffffStock ChartOpen :12<BR>Close : 23<BR>Min : 4<BR>Max : 25<BR>Median : 18<BR>
RECT440,178,446,102#000000Stock ChartOpen :20<BR>Close : 16<BR>Min : 3<BR>Max : 22<BR>Median : 18<BR>
RECT499,162,505,54#ffffffStock ChartOpen :15<BR>Close : 29<BR>Min : 7<BR>Max : 34<BR>Median : 24<BR>
RECT558,154,564,74#ffffffStock ChartOpen :20<BR>Close : 26<BR>Min : 9<BR>Max : 29<BR>Median : 22<BR>
RECT617,170,623,66#000000Stock ChartOpen :28<BR>Close : 17<BR>Min : 5<BR>Max : 31<BR>Median : 24<BR>
